<?xml version="1.0" encoding="utf-8"?><testsuites name="pytest tests"><testsuite name="pytest" errors="0" failures="0" skipped="0" tests="33" time="2.661" timestamp="2026-09-06T18:58:38.604707+05:30" hostname="bhavya"><testcase classname="tests.ai.test_multilingual_ocr.TestEnglishFIR" name="test_language_detection" time="0.024" /><testcase classname="tests.ai.test_multilingual_ocr.TestEnglishFIR" name="test_ocr_text_extraction_via_txt_file" time="0.005" /><testcase classname="tests.ai.test_multilingual_ocr.TestEnglishFIR" name="test_translation_passthrough" time="0.001" /><testcase classname="tests.ai.test_multilingual_ocr.TestEnglishFIR" name="test_script_mix" time="0.002" /><testcase classname="tests.ai.test_multilingual_ocr.TestHindiFIR" name="test_language_detection" time="0.002" /><testcase classname="tests.ai.test_multilingual_ocr.TestHindiFIR" name="test_devanagari_text_preserved_in_ocr" time="0.005" /><testcase classname="tests.ai.test_multilingual_ocr.TestHindiFIR" name="test_translation_hindi_terms" time="0.002" /><testcase classname="tests.ai.test_multilingual_ocr.TestHindiFIR" name="test_original_text_not_modified_by_translation" time="0.001" /><testcase classname="tests.ai.test_multilingual_ocr.TestHindiFIR" name="test_script_mix_devanagari_dominant" time="0.002" /><testcase classname="tests.ai.test_multilingual_ocr.TestKannadaFIR" name="test_language_detection" time="0.001" /><testcase classname="tests.ai.test_multilingual_ocr.TestKannadaFIR" name="test_kannada_unicode_preserved" time="0.005" /><testcase classname="tests.ai.test_multilingual_ocr.TestKannadaFIR" name="test_translation_kannada_terms" time="0.001" /><testcase classname="tests.ai.test_multilingual_ocr.TestKannadaFIR" name="test_bengaluru_translation" time="0.001" /><testcase classname="tests.ai.test_multilingual_ocr.TestKannadaFIR" name="test_script_mix_kannada_dominant" time="0.001" /><testcase classname="tests.ai.test_multilingual_ocr.TestMixedHindiEnglish" name="test_both_scripts_preserved" time="0.005" /><testcase classname="tests.ai.test_multilingual_ocr.TestMixedHindiEnglish" name="test_dominant_scripts_both_detected" time="0.001" /><testcase classname="tests.ai.test_multilingual_ocr.TestMixedHindiEnglish" name="test_language_detection_returns_dominant" time="0.002" /><testcase classname="tests.ai.test_multilingual_ocr.TestMixedHindiEnglish" name="test_translation_preserves_english_and_translates_hindi" time="0.002" /><testcase classname="tests.ai.test_multilingual_ocr.TestMixedKannadaEnglish" name="test_both_scripts_preserved" time="0.005" /><testcase classname="tests.ai.test_multilingual_ocr.TestMixedKannadaEnglish" name="test_dominant_scripts_both_detected" time="0.002" /><testcase classname="tests.ai.test_multilingual_ocr.TestMixedKannadaEnglish" name="test_translation_kannada_english" time="0.001" /><testcase classname="tests.ai.test_multilingual_ocr.TestEngineCapabilities" name="test_pypdf_available" time="0.001" /><testcase classname="tests.ai.test_multilingual_ocr.TestEngineCapabilities" name="test_opencv_available" time="0.001" /><testcase classname="tests.ai.test_multilingual_ocr.TestEngineCapabilities" name="test_paddleocr_available" time="0.001" /><testcase classname="tests.ai.test_multilingual_ocr.TestEngineCapabilities" name="test_pytesseract_importable" time="0.002" /><testcase classname="tests.ai.test_multilingual_ocr.TestEngineCapabilities" name="test_ocr_result_never_none" time="0.074" /><testcase classname="tests.ai.test_multilingual_ocr.TestEngineCapabilities" name="test_digital_pdf_extraction" time="0.004" /><testcase classname="tests.ai.test_multilingual_ocr.TestEngineCapabilities" name="test_empty_text_gives_unknown_language" time="0.001" /><testcase classname="tests.ai.test_multilingual_ocr.TestEngineCapabilities" name="test_supported_translation_languages" time="0.001" /><testcase classname="tests.ai.test_multilingual_ocr.TestErrorHandling" name="test_nonexistent_file_returns_fallback" time="0.002" /><testcase classname="tests.ai.test_multilingual_ocr.TestErrorHandling" name="test_empty_bytes_returns_result" time="0.002" /><testcase classname="tests.ai.test_multilingual_ocr.TestErrorHandling" name="test_translation_empty_string" time="0.001" /><testcase classname="tests.ai.test_multilingual_ocr.TestErrorHandling" name="test_language_detection_whitespace_only" time="0.007" /></testsuite></testsuites>